============================= test session starts =============================
platform win32 -- Python 3.14.2, pytest-9.0.2, pluggy-1.6.0 -- C:\Users\BhavyaMendiratta\adk-workspace\Ecommerce_product_spotter\.venv\Scripts\python.exe
cachedir: .pytest_cache
rootdir: C:\Users\BhavyaMendiratta\adk-workspace\Ecommerce_product_spotter
configfile: pytest.ini
plugins: anyio-4.12.1, asyncio-1.3.0, cov-7.0.0
asyncio: mode=Mode.STRICT, debug=False, asyncio_default_fixture_loop_scope=None, asyncio_default_test_loop_scope=function
collecting ... collected 85 items

tests/test_agent.py::TestRootAgent::test_root_agent_exists PASSED        [  1%]
tests/test_agent.py::TestRootAgent::test_root_agent_name PASSED          [  2%]
tests/test_agent.py::TestRootAgent::test_root_agent_model PASSED         [  3%]
tests/test_agent.py::TestRootAgent::test_root_agent_has_tools PASSED     [  4%]
tests/test_agent.py::TestRootAgent::test_root_agent_instruction PASSED   [  5%]
tests/test_agent.py::TestRootAgent::test_root_agent_has_pipeline_tool PASSED [  7%]
tests/test_agent.py::TestRootAgent::test_root_agent_callbacks_wired PASSED [  8%]
tests/test_agent.py::TestRootAgent::test_root_agent_generate_content_config PASSED [  9%]
tests/test_agent.py::TestConfig::test_model_default PASSED               [ 10%]
tests/test_agent.py::TestConfig::test_model_pro_default PASSED           [ 11%]
tests/test_agent.py::TestPrompt::test_root_instruction_not_empty PASSED  [ 12%]
tests/test_agent.py::TestPrompt::test_root_instruction_mentions_keyword PASSED [ 14%]
tests/test_agent.py::TestPrompt::test_root_instruction_mentions_pipeline PASSED [ 15%]
tests/test_import_paths.py::TestAgentSysPath::test_sys_path_already_contains_root PASSED [ 16%]
tests/test_import_paths.py::TestAgentSysPath::test_sub_agent_sys_path_already_contains_root PASSED [ 17%]
tests/test_import_paths.py::TestInitSysPath::test_init_sys_path PASSED   [ 18%]
tests/test_integration.py::TestStateFlow::test_full_state_flow PASSED    [ 20%]
tests/test_integration.py::TestStateFlow::test_empty_fetch_to_scorer PASSED [ 21%]
tests/test_integration.py::TestAdkLoad::test_adk_load_from_parent PASSED [ 22%]
tests/test_integration.py::TestAdkLoad::test_adk_agent_submodule_exists PASSED [ 23%]
tests/test_integration.py::TestPipelineAgent::test_demand_pipeline_exists PASSED [ 24%]
tests/test_integration.py::TestPipelineAgent::test_sequential_pipeline_has_sub_agents PASSED [ 25%]
tests/test_observability.py::TestSetupLogging::test_setup_logging_default_dir PASSED [ 27%]
tests/test_observability.py::TestSetupLogging::test_setup_logging_custom_dir PASSED [ 28%]
tests/test_observability.py::TestSetupLogging::test_setup_logging_custom_level PASSED [ 29%]
tests/test_observability.py::TestModelCallbacks::test_before_model_callback PASSED [ 30%]
tests/test_observability.py::TestModelCallbacks::test_after_model_callback_with_start PASSED [ 31%]
tests/test_observability.py::TestModelCallbacks::test_after_model_callback_empty_stack PASSED [ 32%]
tests/test_observability.py::TestModelCallbacks::test_after_model_callback_no_content PASSED [ 34%]
tests/test_observability.py::TestModelCallbacks::test_after_model_callback_none_response PASSED [ 35%]
tests/test_observability.py::TestAgentCallbacks::test_before_agent_callback PASSED [ 36%]
tests/test_observability.py::TestAgentCallbacks::test_before_agent_callback_no_agent_attr PASSED [ 37%]
tests/test_observability.py::TestAgentCallbacks::test_after_agent_callback PASSED [ 38%]
tests/test_observability.py::TestAgentCallbacks::test_after_agent_callback_empty_stack PASSED [ 40%]
tests/test_sub_agents.py::TestTrendsFetcherAgent::test_agent_exists PASSED [ 41%]
tests/test_sub_agents.py::TestTrendsFetcherAgent::test_agent_name PASSED [ 42%]
tests/test_sub_agents.py::TestTrendsFetcherAgent::test_agent_model PASSED [ 43%]
tests/test_sub_agents.py::TestTrendsFetcherAgent::test_agent_description_not_empty PASSED [ 44%]
tests/test_sub_agents.py::TestTrendsFetcherAgent::test_agent_has_tools PASSED [ 45%]
tests/test_sub_agents.py::TestTrendsFetcherAgent::test_agent_output_key PASSED [ 47%]
tests/test_sub_agents.py::TestTrendsFetcherAgent::test_agent_instruction PASSED [ 48%]
tests/test_sub_agents.py::TestTrendsFetcherAgent::test_prompt_not_empty PASSED [ 49%]
tests/test_sub_agents.py::TestOpportunityScorerAgent::test_agent_exists PASSED [ 50%]
tests/test_sub_agents.py::TestOpportunityScorerAgent::test_agent_name PASSED [ 51%]
tests/test_sub_agents.py::TestOpportunityScorerAgent::test_agent_model PASSED [ 52%]
tests/test_sub_agents.py::TestOpportunityScorerAgent::test_agent_description_not_empty PASSED [ 54%]
tests/test_sub_agents.py::TestOpportunityScorerAgent::test_agent_has_tools PASSED [ 55%]
tests/test_sub_agents.py::TestOpportunityScorerAgent::test_agent_output_key PASSED [ 56%]
tests/test_sub_agents.py::TestOpportunityScorerAgent::test_agent_instruction PASSED [ 57%]
tests/test_sub_agents.py::TestOpportunityScorerAgent::test_prompt_not_empty PASSED [ 58%]
tests/test_sub_agents.py::TestReportGeneratorAgent::test_agent_exists PASSED [ 60%]
tests/test_sub_agents.py::TestReportGeneratorAgent::test_agent_name PASSED [ 61%]
tests/test_sub_agents.py::TestReportGeneratorAgent::test_agent_model PASSED [ 62%]
tests/test_sub_agents.py::TestReportGeneratorAgent::test_agent_description_not_empty PASSED [ 63%]
tests/test_sub_agents.py::TestReportGeneratorAgent::test_agent_no_tools PASSED [ 64%]
tests/test_sub_agents.py::TestReportGeneratorAgent::test_agent_output_key PASSED [ 65%]
tests/test_sub_agents.py::TestReportGeneratorAgent::test_agent_instruction PASSED [ 67%]
tests/test_sub_agents.py::TestReportGeneratorAgent::test_prompt_not_empty PASSED [ 68%]
tests/test_sub_agents.py::TestReportGeneratorAgent::test_prompt_mentions_scored_terms PASSED [ 69%]
tests/test_tools.py::TestFetchRisingTrends::test_happy_path PASSED       [ 70%]
tests/test_tools.py::TestFetchRisingTrends::test_no_results PASSED       [ 71%]
tests/test_tools.py::TestFetchRisingTrends::test_no_credentials PASSED   [ 72%]
tests/test_tools.py::TestFetchRisingTrends::test_reddit_exception PASSED [ 74%]
tests/test_tools.py::TestFetchRisingTrends::test_hot_post_keyword_filtering PASSED [ 75%]
tests/test_tools.py::TestFetchRisingTrends::test_deduplication_by_url PASSED [ 76%]
tests/test_tools.py::TestScoreOpportunities::test_happy_path PASSED      [ 77%]
tests/test_tools.py::TestScoreOpportunities::test_empty_terms PASSED     [ 78%]
tests/test_tools.py::TestScoreOpportunities::test_invalid_json PASSED    [ 80%]
tests/test_tools.py::TestScoreOpportunities::test_none_input PASSED      [ 81%]
tests/test_tools.py::TestScoreOpportunities::test_scoring_values PASSED  [ 82%]
tests/test_tools.py::TestScoreOpportunities::test_all_zero_scores PASSED [ 83%]
tests/test_tools.py::TestScoreOpportunities::test_missing_fields_in_terms PASSED [ 84%]
tests/test_tools.py::TestScoreOpportunities::test_list_input PASSED      [ 85%]
tests/test_tools.py::TestScoreOpportunities::test_double_encoded_json PASSED [ 87%]
tests/test_tools.py::TestComputeCommercialIntent::test_no_commercial_keywords PASSED [ 88%]
tests/test_tools.py::TestComputeCommercialIntent::test_one_keyword PASSED [ 89%]
tests/test_tools.py::TestComputeCommercialIntent::test_many_keywords_capped PASSED [ 90%]
tests/test_tools.py::TestComputeCommercialIntent::test_case_insensitive PASSED [ 91%]
tests/test_tools.py::TestGetRecommendation::test_high PASSED             [ 92%]
tests/test_tools.py::TestGetRecommendation::test_moderate PASSED         [ 94%]
tests/test_tools.py::TestGetRecommendation::test_low PASSED              [ 95%]
tests/test_tools.py::TestGetRecommendation::test_minimal PASSED          [ 96%]
tests/test_tools.py::TestGetRecommendation::test_boundary_075 PASSED     [ 97%]
tests/test_tools.py::TestGetRecommendation::test_boundary_050 PASSED     [ 98%]
tests/test_tools.py::TestGetRecommendation::test_boundary_025 PASSED     [100%]
ERROR: Coverage failure: total of 94 is less than fail-under=100


============================== warnings summary ===============================
.venv\Lib\site-packages\google\genai\types.py:43
  C:\Users\BhavyaMendiratta\adk-workspace\Ecommerce_product_spotter\.venv\Lib\site-packages\google\genai\types.py:43: DeprecationWarning: '_UnionGenericAlias' is deprecated and slated for removal in Python 3.17
    VersionedUnionType = Union[builtin_types.UnionType, _UnionGenericAlias]

-- Docs: https://docs.pytest.org/en/stable/how-to/capture-warnings.html
=============================== tests coverage ================================
_______________ coverage: platform win32, python 3.14.2-final-0 _______________

Name                                                         Stmts   Miss  Cover
--------------------------------------------------------------------------------
__init__.py                                                      6      0   100%
agent.py                                                        22      0   100%
config.py                                                        3      0   100%
observability.py                                                44      0   100%
prompt.py                                                        1      0   100%
sub_agents\__init__.py                                           0      0   100%
sub_agents\opportunity_scorer\__init__.py                        0      0   100%
sub_agents\opportunity_scorer\agent.py                          11      0   100%
sub_agents\opportunity_scorer\prompt.py                          1      0   100%
sub_agents\opportunity_scorer\tools\__init__.py                  0      0   100%
sub_agents\opportunity_scorer\tools\score_opportunities.py      61      4    93%
sub_agents\report_generator\__init__.py                          0      0   100%
sub_agents\report_generator\agent.py                            10      0   100%
sub_agents\report_generator\prompt.py                            1      0   100%
sub_agents\report_generator\tools\__init__.py                    0      0   100%
sub_agents\trends_fetcher\__init__.py                            0      0   100%
sub_agents\trends_fetcher\agent.py                              11      0   100%
sub_agents\trends_fetcher\prompt.py                              1      0   100%
sub_agents\trends_fetcher\tools\__init__.py                      0      0   100%
sub_agents\trends_fetcher\tools\fetch_trends.py                 77     11    86%
tools\__init__.py                                                0      0   100%
utils.py                                                         0      0   100%
--------------------------------------------------------------------------------
TOTAL                                                          249     15    94%
FAIL Required test coverage of 100% not reached. Total coverage: 93.98%
======================== 85 passed, 1 warning in 5.66s ========================
